Flow report for tictactoe
Wed Sep 01 15:11:30 2021
Quartus II 64-Bit Version 14.1.0 Build 186 12/03/2014 SJ Web Edition


---------------------
; Table of Contents ;
---------------------
  1. Legal Notice
  2. Flow Summary
  3. Flow Settings
  4. Flow Non-Default Global Settings
  5. Flow Elapsed Time
  6. Flow OS Summary
  7. Flow Log
  8. Flow Messages
  9. Flow Suppressed Messages



----------------
; Legal Notice ;
----------------
Copyright (C) 1991-2014 Altera Corporation. All rights reserved.
Your use of Altera Corporation's design tools, logic functions 
and other software and tools, and its AMPP partner logic 
functions, and any output files from any of the foregoing 
(including device programming or simulation files), and any 
associated documentation or information are expressly subject 
to the terms and conditions of the Altera Program License 
Subscription Agreement, the Altera Quartus II License Agreement,
the Altera MegaCore Function License Agreement, or other 
applicable license agreement, including, without limitation, 
that your use is for the sole purpose of programming logic 
devices manufactured by Altera and sold by Altera or its 
authorized distributors.  Please refer to the applicable 
agreement for further details.



+---------------------------------------------------------------------------------+
; Flow Summary                                                                    ;
+------------------------------------+--------------------------------------------+
; Flow Status                        ; Successful - Wed Sep 01 15:11:30 2021      ;
; Quartus II 64-Bit Version          ; 14.1.0 Build 186 12/03/2014 SJ Web Edition ;
; Revision Name                      ; tictactoe                                  ;
; Top-level Entity Name              ; tictactoe                                  ;
; Family                             ; MAX 10                                     ;
; Device                             ; 10M50DCF672C7G                             ;
; Timing Models                      ; Preliminary                                ;
; Total logic elements               ; 233 / 49,760 ( < 1 % )                     ;
;     Total combinational functions  ; 231 / 49,760 ( < 1 % )                     ;
;     Dedicated logic registers      ; 32 / 49,760 ( < 1 % )                      ;
; Total registers                    ; 32                                         ;
; Total pins                         ; 68 / 500 ( 14 % )                          ;
; Total virtual pins                 ; 0                                          ;
; Total memory bits                  ; 0 / 1,677,312 ( 0 % )                      ;
; Embedded Multiplier 9-bit elements ; 0 / 288 ( 0 % )                            ;
; Total PLLs                         ; 0 / 4 ( 0 % )                              ;
; UFM blocks                         ; 0 / 1 ( 0 % )                              ;
; ADC blocks                         ; 0                                          ;
+------------------------------------+--------------------------------------------+


+-----------------------------------------+
; Flow Settings                           ;
+-------------------+---------------------+
; Option            ; Setting             ;
+-------------------+---------------------+
; Start date & time ; 09/01/2021 15:10:51 ;
; Main task         ; Compilation         ;
; Revision Name     ; tictactoe           ;
+-------------------+---------------------+


+---------------------------------------------------------------------------------------------------------------------------+
; Flow Non-Default Global Settings                                                                                          ;
+--------------------------------------+-------------------------------------+---------------+-------------+----------------+
; Assignment Name                      ; Value                               ; Default Value ; Entity Name ; Section Id     ;
+--------------------------------------+-------------------------------------+---------------+-------------+----------------+
; COMPILER_SIGNATURE_ID                ; 180747811388555.163051985102852     ; --            ; --          ; --             ;
; EDA_DESIGN_INSTANCE_NAME             ; NA                                  ; --            ; --          ; tb_tictactoe   ;
; EDA_NATIVELINK_SIMULATION_TEST_BENCH ; tb_tictactoe                        ; --            ; --          ; eda_simulation ;
; EDA_NETLIST_WRITER_OUTPUT_DIR        ; C:/altera/14.1/tictactoe/simulation ; --            ; --          ; eda_simulation ;
; EDA_OUTPUT_DATA_FORMAT               ; Vhdl                                ; --            ; --          ; eda_simulation ;
; EDA_SIMULATION_TOOL                  ; ModelSim-Altera (VHDL)              ; <None>        ; --          ; --             ;
; EDA_TEST_BENCH_ENABLE_STATUS         ; TEST_BENCH_MODE                     ; --            ; --          ; eda_simulation ;
; EDA_TEST_BENCH_FILE                  ; tb_tictactoe.vhd                    ; --            ; --          ; tb_tictactoe   ;
; EDA_TEST_BENCH_MODULE_NAME           ; tb_tictactoe                        ; --            ; --          ; tb_tictactoe   ;
; EDA_TEST_BENCH_NAME                  ; tb_tictactoe                        ; --            ; --          ; eda_simulation ;
; EDA_TEST_BENCH_RUN_SIM_FOR           ; 400 ns                              ; --            ; --          ; tb_tictactoe   ;
; MAX_CORE_JUNCTION_TEMP               ; 85                                  ; --            ; --          ; --             ;
; MIN_CORE_JUNCTION_TEMP               ; 0                                   ; --            ; --          ; --             ;
; PARTITION_COLOR                      ; 16764057                            ; --            ; --          ; Top            ;
; PARTITION_FITTER_PRESERVATION_LEVEL  ; PLACEMENT_AND_ROUTING               ; --            ; --          ; Top            ;
; PARTITION_NETLIST_TYPE               ; SOURCE                              ; --            ; --          ; Top            ;
; PROJECT_OUTPUT_DIRECTORY             ; output_files                        ; --            ; --          ; --             ;
+--------------------------------------+-------------------------------------+---------------+-------------+----------------+


+-------------------------------------------------------------------------------------------------------------------------------+
; Flow Elapsed Time                                                                                                             ;
+---------------------------+--------------+-------------------------+---------------------+------------------------------------+
; Module Name               ; Elapsed Time ; Average Processors Used ; Peak Virtual Memory ; Total CPU Time (on all processors) ;
+---------------------------+--------------+-------------------------+---------------------+------------------------------------+
; Analysis & Synthesis      ; 00:00:12     ; 1.0                     ; 4801 MB             ; 00:00:27                           ;
; Fitter                    ; 00:00:15     ; 1.6                     ; 5680 MB             ; 00:00:20                           ;
; Assembler                 ; 00:00:01     ; 1.0                     ; 4686 MB             ; 00:00:00                           ;
; TimeQuest Timing Analyzer ; 00:00:03     ; 1.0                     ; 4845 MB             ; 00:00:03                           ;
; EDA Netlist Writer        ; 00:00:01     ; 1.0                     ; 4669 MB             ; 00:00:01                           ;
; Total                     ; 00:00:32     ; --                      ; --                  ; 00:00:51                           ;
+---------------------------+--------------+-------------------------+---------------------+------------------------------------+


+----------------------------------------------------------------------------------------+
; Flow OS Summary                                                                        ;
+---------------------------+------------------+-----------+------------+----------------+
; Module Name               ; Machine Hostname ; OS Name   ; OS Version ; Processor type ;
+---------------------------+------------------+-----------+------------+----------------+
; Analysis & Synthesis      ; LAPTOP-B9T857S9  ; Windows 7 ; 6.2        ; x86_64         ;
; Fitter                    ; LAPTOP-B9T857S9  ; Windows 7 ; 6.2        ; x86_64         ;
; Assembler                 ; LAPTOP-B9T857S9  ; Windows 7 ; 6.2        ; x86_64         ;
; TimeQuest Timing Analyzer ; LAPTOP-B9T857S9  ; Windows 7 ; 6.2        ; x86_64         ;
; EDA Netlist Writer        ; LAPTOP-B9T857S9  ; Windows 7 ; 6.2        ; x86_64         ;
+---------------------------+------------------+-----------+------------+----------------+


------------
; Flow Log ;
------------
quartus_map --read_settings_files=on --write_settings_files=off tictactoe -c tictactoe
quartus_fit --read_settings_files=off --write_settings_files=off tictactoe -c tictactoe
quartus_asm --read_settings_files=off --write_settings_files=off tictactoe -c tictactoe
quartus_sta tictactoe -c tictactoe
quartus_eda --read_settings_files=off --write_settings_files=off tictactoe -c tictactoe



